2024-09-27 08:58:31 INFO  org.testng.internal.Utils - [TestNG] Running:
  /Users/artemdidenko/Library/Caches/JetBrains/IdeaIC2023.3/temp-testng-customsuite.xml

2024-09-27 08:58:32 INFO  i.g.bonigarcia.wdm.WebDriverManager - Using geckodriver 0.35.0 (resolved driver for Firefox 130)
2024-09-27 08:58:32 INFO  i.g.bonigarcia.wdm.WebDriverManager - Exporting webdriver.gecko.driver as /Users/artemdidenko/.cache/selenium/geckodriver/mac-arm64/0.35.0/geckodriver
2024-09-27 08:58:35 INFO  c.h.f.slf4j.LogCollectorHelper - [STEP] Setting up LoginDto with company: {}, user: {}, title: {}
2024-09-27 08:58:35 INFO  c.h.f.slf4j.LogCollectorHelper - [STEP] Logging in with company: {}, user: {}
2024-09-27 08:58:35 INFO  c.h.f.slf4j.LogCollectorHelper - [SUBSTEP] Entering company: {}
2024-09-27 08:58:35 INFO  c.h.f.slf4j.LogCollectorHelper - [SUBSTEP] Entering username: {}
2024-09-27 08:58:35 INFO  c.h.f.slf4j.LogCollectorHelper - [SUBSTEP] Entering password: {}
2024-09-27 08:58:35 INFO  c.h.f.slf4j.LogCollectorHelper - [SUBSTEP] Clicking the login button
2024-09-27 08:58:35 INFO  c.h.f.slf4j.LogCollectorHelper - [STEP] Login attempt completed for user: {}
2024-09-27 08:59:21 INFO  org.testng.internal.Utils - [TestNG] Running:
  /Users/artemdidenko/Library/Caches/JetBrains/IdeaIC2023.3/temp-testng-customsuite.xml

2024-09-27 08:59:21 INFO  i.g.bonigarcia.wdm.WebDriverManager - Using geckodriver 0.35.0 (resolved driver for Firefox 130)
2024-09-27 08:59:21 INFO  i.g.bonigarcia.wdm.WebDriverManager - Exporting webdriver.gecko.driver as /Users/artemdidenko/.cache/selenium/geckodriver/mac-arm64/0.35.0/geckodriver
2024-09-27 08:59:24 INFO  c.h.f.slf4j.LogCollectorHelper - [STEP] Setting up LoginDto with company: {}, user: {}, title: {}
2024-09-27 08:59:24 INFO  c.h.f.slf4j.LogCollectorHelper - [STEP] Logging in with company: {}, user: {}
2024-09-27 08:59:24 INFO  c.h.f.slf4j.LogCollectorHelper - [SUBSTEP] Entering company: {}
2024-09-27 08:59:24 INFO  c.h.f.slf4j.LogCollectorHelper - [SUBSTEP] Entering username: {}
2024-09-27 08:59:24 INFO  c.h.f.slf4j.LogCollectorHelper - [SUBSTEP] Entering password: {}
2024-09-27 08:59:24 INFO  c.h.f.slf4j.LogCollectorHelper - [SUBSTEP] Clicking the login button
2024-09-27 08:59:24 INFO  c.h.f.slf4j.LogCollectorHelper - [STEP] Login attempt completed for user: {}
2024-09-27 09:15:25 INFO  org.testng.internal.Utils - [TestNG] Running:
  /Users/artemdidenko/Library/Caches/JetBrains/IdeaIC2023.3/temp-testng-customsuite.xml

2024-09-27 09:15:25 INFO  i.g.bonigarcia.wdm.WebDriverManager - Using geckodriver 0.35.0 (resolved driver for Firefox 130)
2024-09-27 09:15:25 INFO  i.g.bonigarcia.wdm.WebDriverManager - Exporting webdriver.gecko.driver as /Users/artemdidenko/.cache/selenium/geckodriver/mac-arm64/0.35.0/geckodriver
2024-09-27 09:15:29 INFO  c.helpers.framework.log.LogHelper - Setting up LoginDto with company:automation#prinova, user:automation, title:Messagepoint - Secure Sign In
2024-09-27 09:15:29 INFO  c.helpers.framework.log.LogHelper - Logging in with company:automation#prinova, user:automation
2024-09-27 09:15:29 INFO  c.helpers.framework.log.LogHelper - Entering company:automation#prinova
2024-09-27 09:15:29 INFO  c.helpers.framework.log.LogHelper - Entering username:automation
2024-09-27 09:15:29 INFO  c.helpers.framework.log.LogHelper - Entering password:Prinova
2024-09-27 09:15:29 INFO  c.helpers.framework.log.LogHelper - Clicking the login button
2024-09-27 09:15:29 INFO  c.helpers.framework.log.LogHelper - Login attempt completed for user: automation
2024-09-27 09:16:03 INFO  org.testng.internal.Utils - [TestNG] Running:
  /Users/artemdidenko/Library/Caches/JetBrains/IdeaIC2023.3/temp-testng-customsuite.xml

2024-09-27 09:16:03 INFO  i.g.bonigarcia.wdm.WebDriverManager - Using geckodriver 0.35.0 (resolved driver for Firefox 130)
2024-09-27 09:16:03 INFO  i.g.bonigarcia.wdm.WebDriverManager - Exporting webdriver.gecko.driver as /Users/artemdidenko/.cache/selenium/geckodriver/mac-arm64/0.35.0/geckodriver
2024-09-27 09:16:05 INFO  c.helpers.framework.log.LogHelper - Setting up LoginDto with company:automation#prinova, user:automation, title:Messagepoint - Secure Sign In
2024-09-27 09:16:06 INFO  c.helpers.framework.log.LogHelper - Logging in with company:automation#prinova, user:automation
2024-09-27 09:16:06 INFO  c.helpers.framework.log.LogHelper - Entering company:automation#prinova
2024-09-27 09:16:06 INFO  c.helpers.framework.log.LogHelper - Entering username:automation
2024-09-27 09:16:06 INFO  c.helpers.framework.log.LogHelper - Entering password:Prinova
2024-09-27 09:16:06 INFO  c.helpers.framework.log.LogHelper - Clicking the login button
2024-09-27 09:16:06 INFO  c.helpers.framework.log.LogHelper - Login attempt completed for user: automation
2024-09-27 09:21:26 INFO  org.testng.internal.Utils - [TestNG] Running:
  /Users/artemdidenko/Library/Caches/JetBrains/IdeaIC2023.3/temp-testng-customsuite.xml

2024-09-27 09:21:27 INFO  i.g.bonigarcia.wdm.WebDriverManager - Using geckodriver 0.35.0 (resolved driver for Firefox 130)
2024-09-27 09:21:27 INFO  i.g.bonigarcia.wdm.WebDriverManager - Exporting webdriver.gecko.driver as /Users/artemdidenko/.cache/selenium/geckodriver/mac-arm64/0.35.0/geckodriver
2024-09-27 09:21:30 INFO  c.helpers.framework.log.LogHelper - Setting up LoginDto with company:automation#prinova, user:automation, title:Messagepoint - Secure Sign In
2024-09-27 09:21:30 INFO  c.helpers.framework.log.LogHelper - Logging in with company:automation#prinova, user:automation
2024-09-27 09:21:30 INFO  c.helpers.framework.log.LogHelper - Entering company:automation#prinova
2024-09-27 09:21:30 INFO  c.helpers.framework.log.LogHelper - Entering username:automation
2024-09-27 09:21:30 INFO  c.helpers.framework.log.LogHelper - Entering password:Prinova
2024-09-27 09:21:30 INFO  c.helpers.framework.log.LogHelper - Clicking the login button
2024-09-27 09:21:30 INFO  c.helpers.framework.log.LogHelper - Login attempt completed for user: automation
2024-09-27 09:24:50 INFO  org.testng.internal.Utils - [TestNG] Running:
  /Users/artemdidenko/Library/Caches/JetBrains/IdeaIC2023.3/temp-testng-customsuite.xml

2024-09-27 09:24:51 INFO  i.g.bonigarcia.wdm.WebDriverManager - Using geckodriver 0.35.0 (resolved driver for Firefox 130)
2024-09-27 09:24:51 INFO  i.g.bonigarcia.wdm.WebDriverManager - Exporting webdriver.gecko.driver as /Users/artemdidenko/.cache/selenium/geckodriver/mac-arm64/0.35.0/geckodriver
2024-09-27 09:24:54 INFO  c.helpers.framework.log.LogHelper - Setting up LoginDto with company:automation#prinova, user:automation, title:Messagepoint - Secure Sign In
2024-09-27 09:24:54 INFO  c.helpers.framework.log.LogHelper - Logging in with company:automation#prinova, user:automation
2024-09-27 09:24:54 INFO  c.helpers.framework.log.LogHelper - Entering company:automation#prinova
2024-09-27 09:24:54 INFO  c.helpers.framework.log.LogHelper - Entering username:automation
2024-09-27 09:24:54 INFO  c.helpers.framework.log.LogHelper - Entering password:Prinova
2024-09-27 09:24:54 INFO  c.helpers.framework.log.LogHelper - Clicking the login button
2024-09-27 09:24:54 INFO  c.helpers.framework.log.LogHelper - Login attempt completed for user: automation
2024-09-27 09:27:43 INFO  org.testng.internal.Utils - [TestNG] Running:
  /Users/artemdidenko/Library/Caches/JetBrains/IdeaIC2023.3/temp-testng-customsuite.xml

2024-09-27 09:27:43 INFO  i.g.bonigarcia.wdm.WebDriverManager - Using geckodriver 0.35.0 (resolved driver for Firefox 130)
2024-09-27 09:27:43 INFO  i.g.bonigarcia.wdm.WebDriverManager - Exporting webdriver.gecko.driver as /Users/artemdidenko/.cache/selenium/geckodriver/mac-arm64/0.35.0/geckodriver
2024-09-27 09:27:46 INFO  c.helpers.framework.log.LogHelper - Setting up LoginDto with company:automation#prinova, user:automation, title:Messagepoint - Secure Sign In
2024-09-27 09:27:46 INFO  c.helpers.framework.log.LogHelper - Logging in with company:automation#prinova, user:automation
2024-09-27 09:27:46 INFO  c.helpers.framework.log.LogHelper - Entering company:automation#prinova
2024-09-27 09:27:46 INFO  c.helpers.framework.log.LogHelper - Entering username:automation
2024-09-27 09:27:46 INFO  c.helpers.framework.log.LogHelper - Entering password:Prinova
2024-09-27 09:27:46 INFO  c.helpers.framework.log.LogHelper - Clicking the login button
2024-09-27 09:27:46 INFO  c.helpers.framework.log.LogHelper - Login attempt completed for user: automation
2024-09-27 09:29:10 INFO  org.testng.internal.Utils - [TestNG] Running:
  /Users/artemdidenko/IdeaProjects/automation-framework/testng.xml

2024-09-27 09:29:15 INFO  i.g.bonigarcia.wdm.WebDriverManager - Using chromedriver 129.0.6668.70 (resolved driver for Chrome 129)
2024-09-27 09:29:15 INFO  i.g.bonigarcia.wdm.WebDriverManager - Exporting webdriver.chrome.driver as /Users/artemdidenko/.cache/selenium/chromedriver/mac-arm64/129.0.6668.70/chromedriver
2024-09-27 09:29:17 INFO  c.helpers.framework.log.LogHelper - Setting up LoginDto with company:automation#prinova, user:automation, title:Messagepoint - Touchpoints
2024-09-27 09:29:17 INFO  c.helpers.framework.log.LogHelper - Logging in with company:automation#prinova, user:automation
2024-09-27 09:29:17 INFO  c.helpers.framework.log.LogHelper - Entering company:automation#prinova
2024-09-27 09:29:17 INFO  c.helpers.framework.log.LogHelper - Entering username:automation
2024-09-27 09:29:17 INFO  c.helpers.framework.log.LogHelper - Entering password:Prinova1
2024-09-27 09:29:17 INFO  c.helpers.framework.log.LogHelper - Clicking the login button
2024-09-27 09:29:19 INFO  c.helpers.framework.log.LogHelper - Login attempt completed for user: automation
2024-09-27 09:29:20 INFO  i.g.bonigarcia.wdm.WebDriverManager - Using chromedriver 129.0.6668.70 (resolved driver for Chrome 129)
2024-09-27 09:29:20 INFO  i.g.bonigarcia.wdm.WebDriverManager - Exporting webdriver.chrome.driver as /Users/artemdidenko/.cache/selenium/chromedriver/mac-arm64/129.0.6668.70/chromedriver
2024-09-27 09:29:21 INFO  c.helpers.framework.log.LogHelper - Setting up LoginDto with company:automation#prinova, user:automation, title:Messagepoint - Secure Sign In
2024-09-27 09:29:21 INFO  c.helpers.framework.log.LogHelper - Logging in with company:automation#prinova, user:automation
2024-09-27 09:29:21 INFO  c.helpers.framework.log.LogHelper - Entering company:automation#prinova
2024-09-27 09:29:21 INFO  c.helpers.framework.log.LogHelper - Entering username:automation
2024-09-27 09:29:21 INFO  c.helpers.framework.log.LogHelper - Entering password:Prinova
2024-09-27 09:29:21 INFO  c.helpers.framework.log.LogHelper - Clicking the login button
2024-09-27 09:29:22 INFO  c.helpers.framework.log.LogHelper - Login attempt completed for user: automation
2024-09-27 09:30:53 INFO  org.testng.internal.Utils - [TestNG] Running:
  /Users/artemdidenko/IdeaProjects/automation-framework/testng.xml

2024-09-27 09:30:54 INFO  i.g.bonigarcia.wdm.WebDriverManager - Using chromedriver 129.0.6668.70 (resolved driver for Chrome 129)
2024-09-27 09:30:54 INFO  i.g.bonigarcia.wdm.WebDriverManager - Exporting webdriver.chrome.driver as /Users/artemdidenko/.cache/selenium/chromedriver/mac-arm64/129.0.6668.70/chromedriver
2024-09-27 09:30:56 INFO  c.helpers.framework.log.LogHelper - Setting up LoginDto with company:automation#prinova, user:automation, title:Messagepoint - Touchpoints
2024-09-27 09:30:56 INFO  c.helpers.framework.log.LogHelper - Logging in with company:automation#prinova, user:automation
2024-09-27 09:30:56 INFO  c.helpers.framework.log.LogHelper - Entering company:automation#prinova
2024-09-27 09:30:56 INFO  c.helpers.framework.log.LogHelper - Entering username:automation
2024-09-27 09:30:56 INFO  c.helpers.framework.log.LogHelper - Entering password:Prinova1
2024-09-27 09:30:56 INFO  c.helpers.framework.log.LogHelper - Clicking the login button
2024-09-27 09:30:57 INFO  c.helpers.framework.log.LogHelper - Login attempt completed for user: automation
2024-09-27 09:30:58 INFO  i.g.bonigarcia.wdm.WebDriverManager - Using chromedriver 129.0.6668.70 (resolved driver for Chrome 129)
2024-09-27 09:30:58 INFO  i.g.bonigarcia.wdm.WebDriverManager - Exporting webdriver.chrome.driver as /Users/artemdidenko/.cache/selenium/chromedriver/mac-arm64/129.0.6668.70/chromedriver
2024-09-27 09:31:00 INFO  c.helpers.framework.log.LogHelper - Setting up LoginDto with company:automation#prinova, user:automation, title:Messagepoint - Secure Sign In
2024-09-27 09:31:00 INFO  c.helpers.framework.log.LogHelper - Logging in with company:automation#prinova, user:automation
2024-09-27 09:31:00 INFO  c.helpers.framework.log.LogHelper - Entering company:automation#prinova
2024-09-27 09:31:00 INFO  c.helpers.framework.log.LogHelper - Entering username:automation
2024-09-27 09:31:00 INFO  c.helpers.framework.log.LogHelper - Entering password:Prinova
2024-09-27 09:31:00 INFO  c.helpers.framework.log.LogHelper - Clicking the login button
2024-09-27 09:31:00 INFO  c.helpers.framework.log.LogHelper - Login attempt completed for user: automation
2024-09-27 09:32:47 INFO  org.testng.internal.Utils - [TestNG] Running:
  /Users/artemdidenko/IdeaProjects/automation-framework/testng.xml

2024-09-27 09:32:47 INFO  i.g.bonigarcia.wdm.WebDriverManager - Using chromedriver 129.0.6668.70 (resolved driver for Chrome 129)
2024-09-27 09:32:47 INFO  i.g.bonigarcia.wdm.WebDriverManager - Exporting webdriver.chrome.driver as /Users/artemdidenko/.cache/selenium/chromedriver/mac-arm64/129.0.6668.70/chromedriver
2024-09-27 09:32:48 INFO  c.helpers.framework.log.LogHelper - Setting up LoginDto with company:automation#prinova, user:automation, title:Messagepoint - Touchpoints
2024-09-27 09:32:48 INFO  c.helpers.framework.log.LogHelper - Logging in with company:automation#prinova, user:automation
2024-09-27 09:32:48 INFO  c.helpers.framework.log.LogHelper - Entering company:automation#prinova
2024-09-27 09:32:49 INFO  c.helpers.framework.log.LogHelper - Entering username:automation
2024-09-27 09:32:49 INFO  c.helpers.framework.log.LogHelper - Entering password:Prinova1
2024-09-27 09:32:49 INFO  c.helpers.framework.log.LogHelper - Clicking the login button
2024-09-27 09:32:51 INFO  c.helpers.framework.log.LogHelper - Login attempt completed for user: automation
2024-09-27 09:33:03 INFO  i.g.bonigarcia.wdm.WebDriverManager - Using chromedriver 129.0.6668.70 (resolved driver for Chrome 129)
2024-09-27 09:33:03 INFO  i.g.bonigarcia.wdm.WebDriverManager - Exporting webdriver.chrome.driver as /Users/artemdidenko/.cache/selenium/chromedriver/mac-arm64/129.0.6668.70/chromedriver
2024-09-27 09:33:04 INFO  c.helpers.framework.log.LogHelper - Setting up LoginDto with company:automation#prinova, user:automation, title:Messagepoint - Secure Sign In
2024-09-27 09:33:04 INFO  c.helpers.framework.log.LogHelper - Logging in with company:automation#prinova, user:automation
2024-09-27 09:33:04 INFO  c.helpers.framework.log.LogHelper - Entering company:automation#prinova
2024-09-27 09:33:04 INFO  c.helpers.framework.log.LogHelper - Entering username:automation
2024-09-27 09:33:04 INFO  c.helpers.framework.log.LogHelper - Entering password:Prinova
2024-09-27 09:33:04 INFO  c.helpers.framework.log.LogHelper - Clicking the login button
2024-09-27 09:33:04 INFO  c.helpers.framework.log.LogHelper - Login attempt completed for user: automation
2024-09-27 09:34:04 INFO  org.testng.internal.Utils - [TestNG] Running:
  /Users/artemdidenko/IdeaProjects/automation-framework/testng.xml

2024-09-27 09:34:05 INFO  i.g.bonigarcia.wdm.WebDriverManager - Using chromedriver 129.0.6668.70 (resolved driver for Chrome 129)
2024-09-27 09:34:05 INFO  i.g.bonigarcia.wdm.WebDriverManager - Exporting webdriver.chrome.driver as /Users/artemdidenko/.cache/selenium/chromedriver/mac-arm64/129.0.6668.70/chromedriver
2024-09-27 09:34:06 INFO  c.helpers.framework.log.LogHelper - Setting up LoginDto with company:automation#prinova, user:automation, title:Messagepoint - Touchpoints
2024-09-27 09:34:06 INFO  c.helpers.framework.log.LogHelper - Logging in with company:automation#prinova, user:automation
2024-09-27 09:34:06 INFO  c.helpers.framework.log.LogHelper - Entering company:automation#prinova
2024-09-27 09:34:06 INFO  c.helpers.framework.log.LogHelper - Entering username:automation
2024-09-27 09:34:06 INFO  c.helpers.framework.log.LogHelper - Entering password:Prinova1
2024-09-27 09:34:06 INFO  c.helpers.framework.log.LogHelper - Clicking the login button
2024-09-27 09:34:08 INFO  c.helpers.framework.log.LogHelper - Login attempt completed for user: automation
2024-09-27 09:34:09 INFO  i.g.bonigarcia.wdm.WebDriverManager - Using chromedriver 129.0.6668.70 (resolved driver for Chrome 129)
2024-09-27 09:34:09 INFO  i.g.bonigarcia.wdm.WebDriverManager - Exporting webdriver.chrome.driver as /Users/artemdidenko/.cache/selenium/chromedriver/mac-arm64/129.0.6668.70/chromedriver
2024-09-27 09:34:10 INFO  c.helpers.framework.log.LogHelper - Setting up LoginDto with company:automation#prinova, user:automation, title:Messagepoint - Secure Sign In
2024-09-27 09:34:10 INFO  c.helpers.framework.log.LogHelper - Logging in with company:automation#prinova, user:automation
2024-09-27 09:34:10 INFO  c.helpers.framework.log.LogHelper - Entering company:automation#prinova
2024-09-27 09:34:10 INFO  c.helpers.framework.log.LogHelper - Entering username:automation
2024-09-27 09:34:10 INFO  c.helpers.framework.log.LogHelper - Entering password:Prinova
2024-09-27 09:34:10 INFO  c.helpers.framework.log.LogHelper - Clicking the login button
2024-09-27 09:34:11 INFO  c.helpers.framework.log.LogHelper - Login attempt completed for user: automation
2024-09-27 09:39:58 INFO  org.testng.internal.Utils - [TestNG] Running:
  /Users/artemdidenko/Library/Caches/JetBrains/IdeaIC2023.3/temp-testng-customsuite.xml

2024-09-27 09:39:58 INFO  i.g.bonigarcia.wdm.WebDriverManager - Using geckodriver 0.35.0 (resolved driver for Firefox 130)
2024-09-27 09:39:58 INFO  i.g.bonigarcia.wdm.WebDriverManager - Exporting webdriver.gecko.driver as /Users/artemdidenko/.cache/selenium/geckodriver/mac-arm64/0.35.0/geckodriver
2024-09-27 09:40:01 INFO  c.helpers.framework.log.LogHelper - Setting up LoginDto with company:automation#prinova, user:automation, title:Messagepoint - Secure Sign In
2024-09-27 09:40:01 INFO  c.helpers.framework.log.LogHelper - Logging in with company:automation#prinova, user:automation
2024-09-27 09:40:01 INFO  c.helpers.framework.log.LogHelper - Entering company:automation#prinova
2024-09-27 09:40:01 INFO  c.helpers.framework.log.LogHelper - Entering username:automation
2024-09-27 09:40:01 INFO  c.helpers.framework.log.LogHelper - Entering password:Prinova
2024-09-27 09:40:01 INFO  c.helpers.framework.log.LogHelper - Clicking the login button
2024-09-27 09:40:02 INFO  c.helpers.framework.log.LogHelper - Login attempt completed for user: automation
2024-09-27 09:42:21 INFO  org.testng.internal.Utils - [TestNG] Running:
  /Users/artemdidenko/Library/Caches/JetBrains/IdeaIC2023.3/temp-testng-customsuite.xml

2024-09-27 09:42:21 INFO  i.g.bonigarcia.wdm.WebDriverManager - Using geckodriver 0.35.0 (resolved driver for Firefox 130)
2024-09-27 09:42:21 INFO  i.g.bonigarcia.wdm.WebDriverManager - Exporting webdriver.gecko.driver as /Users/artemdidenko/.cache/selenium/geckodriver/mac-arm64/0.35.0/geckodriver
2024-09-27 09:42:24 INFO  c.helpers.framework.log.LogHelper - Setting up LoginDto with company:automation#prinova, user:automation, title:Messagepoint - Secure Sign In
2024-09-27 09:42:24 INFO  c.helpers.framework.log.LogHelper - Logging in with company:automation#prinova, user:automation
2024-09-27 09:42:24 INFO  c.helpers.framework.log.LogHelper - Entering company:automation#prinova
2024-09-27 09:42:25 INFO  c.helpers.framework.log.LogHelper - Entering username:automation
2024-09-27 09:42:25 INFO  c.helpers.framework.log.LogHelper - Entering password:Prinova
2024-09-27 09:42:25 INFO  c.helpers.framework.log.LogHelper - Clicking the login button
2024-09-27 09:42:25 INFO  c.helpers.framework.log.LogHelper - Login attempt completed for user: automation
2024-09-27 09:43:12 INFO  org.testng.internal.Utils - [TestNG] Running:
  /Users/artemdidenko/Library/Caches/JetBrains/IdeaIC2023.3/temp-testng-customsuite.xml

2024-09-27 09:43:13 INFO  i.g.bonigarcia.wdm.WebDriverManager - Using geckodriver 0.35.0 (resolved driver for Firefox 130)
2024-09-27 09:43:13 INFO  i.g.bonigarcia.wdm.WebDriverManager - Exporting webdriver.gecko.driver as /Users/artemdidenko/.cache/selenium/geckodriver/mac-arm64/0.35.0/geckodriver
2024-09-27 09:43:15 INFO  c.helpers.framework.log.LogHelper - Setting up LoginDto with company:automation#prinova, user:automation, title:Messagepoint - Secure Sign In
2024-09-27 09:43:15 INFO  c.helpers.framework.log.LogHelper - Logging in with company:automation#prinova, user:automation
2024-09-27 09:43:15 INFO  c.helpers.framework.log.LogHelper - Entering company:automation#prinova
2024-09-27 09:43:15 INFO  c.helpers.framework.log.LogHelper - Entering username:automation
2024-09-27 09:43:15 INFO  c.helpers.framework.log.LogHelper - Entering password:Prinova
2024-09-27 09:43:15 INFO  c.helpers.framework.log.LogHelper - Clicking the login button
2024-09-27 09:43:16 INFO  c.helpers.framework.log.LogHelper - Login attempt completed for user: automation
2024-09-27 09:45:26 INFO  org.testng.internal.Utils - [TestNG] Running:
  /Users/artemdidenko/Library/Caches/JetBrains/IdeaIC2023.3/temp-testng-customsuite.xml

2024-09-27 09:45:27 INFO  i.g.bonigarcia.wdm.WebDriverManager - Using geckodriver 0.35.0 (resolved driver for Firefox 130)
2024-09-27 09:45:27 INFO  i.g.bonigarcia.wdm.WebDriverManager - Exporting webdriver.gecko.driver as /Users/artemdidenko/.cache/selenium/geckodriver/mac-arm64/0.35.0/geckodriver
2024-09-27 09:45:30 INFO  c.helpers.framework.log.LogHelper - Setting up LoginDto with company:automation#prinova, user:automation, title:Messagepoint - Secure Sign In
2024-09-27 09:45:30 INFO  c.helpers.framework.log.LogHelper - Logging in with company:automation#prinova, user:automation
2024-09-27 09:45:30 INFO  c.helpers.framework.log.LogHelper - Entering company:automation#prinova
2024-09-27 09:45:30 INFO  c.helpers.framework.log.LogHelper - Entering username:automation
2024-09-27 09:45:30 INFO  c.helpers.framework.log.LogHelper - Entering password:Prinova
2024-09-27 09:45:30 INFO  c.helpers.framework.log.LogHelper - Clicking the login button
2024-09-27 09:45:30 INFO  c.helpers.framework.log.LogHelper - Login attempt completed for user: automation
2024-09-27 09:47:50 INFO  org.testng.internal.Utils - [TestNG] Running:
  /Users/artemdidenko/Library/Caches/JetBrains/IdeaIC2023.3/temp-testng-customsuite.xml

2024-09-27 09:47:50 INFO  i.g.bonigarcia.wdm.WebDriverManager - Using geckodriver 0.35.0 (resolved driver for Firefox 130)
2024-09-27 09:47:50 INFO  i.g.bonigarcia.wdm.WebDriverManager - Exporting webdriver.gecko.driver as /Users/artemdidenko/.cache/selenium/geckodriver/mac-arm64/0.35.0/geckodriver
2024-09-27 09:47:53 INFO  c.helpers.framework.log.LogHelper - Setting up LoginDto with company:automation#prinova, user:automation, title:Messagepoint - Secure Sign In
2024-09-27 09:47:53 INFO  c.helpers.framework.log.LogHelper - Logging in with company:automation#prinova, user:automation
2024-09-27 09:47:53 INFO  c.helpers.framework.log.LogHelper - Entering company:automation#prinova
2024-09-27 09:47:53 INFO  c.helpers.framework.log.LogHelper - Entering username:automation
2024-09-27 09:47:53 INFO  c.helpers.framework.log.LogHelper - Entering password:Prinova
2024-09-27 09:47:53 INFO  c.helpers.framework.log.LogHelper - Clicking the login button
2024-09-27 09:47:54 INFO  c.helpers.framework.log.LogHelper - Login attempt completed for user: automation
2024-09-27 09:49:22 INFO  org.testng.internal.Utils - [TestNG] Running:
  /Users/artemdidenko/Library/Caches/JetBrains/IdeaIC2023.3/temp-testng-customsuite.xml

2024-09-27 09:49:22 INFO  i.g.bonigarcia.wdm.WebDriverManager - Using geckodriver 0.35.0 (resolved driver for Firefox 130)
2024-09-27 09:49:22 INFO  i.g.bonigarcia.wdm.WebDriverManager - Exporting webdriver.gecko.driver as /Users/artemdidenko/.cache/selenium/geckodriver/mac-arm64/0.35.0/geckodriver
2024-09-27 09:49:25 INFO  c.helpers.framework.log.LogHelper - Setting up LoginDto with company:automation#prinova, user:automation, title:Messagepoint - Secure Sign In
2024-09-27 09:49:25 INFO  c.helpers.framework.log.LogHelper - Logging in with company:automation#prinova, user:automation
2024-09-27 09:49:25 INFO  c.helpers.framework.log.LogHelper - Entering company:automation#prinova
2024-09-27 09:49:25 INFO  c.helpers.framework.log.LogHelper - Entering username:automation
2024-09-27 09:49:25 INFO  c.helpers.framework.log.LogHelper - Entering password:Prinova
2024-09-27 09:49:25 INFO  c.helpers.framework.log.LogHelper - Clicking the login button
2024-09-27 09:49:25 INFO  c.helpers.framework.log.LogHelper - Login attempt completed for user: automation
2024-09-27 09:51:52 INFO  org.testng.internal.Utils - [TestNG] Running:
  /Users/artemdidenko/Library/Caches/JetBrains/IdeaIC2023.3/temp-testng-customsuite.xml

2024-09-27 09:51:52 INFO  i.g.bonigarcia.wdm.WebDriverManager - Using geckodriver 0.35.0 (resolved driver for Firefox 130)
2024-09-27 09:51:52 INFO  i.g.bonigarcia.wdm.WebDriverManager - Exporting webdriver.gecko.driver as /Users/artemdidenko/.cache/selenium/geckodriver/mac-arm64/0.35.0/geckodriver
2024-09-27 09:51:55 INFO  c.helpers.framework.log.LogHelper - Setting up LoginDto with company:automation#prinova, user:automation, title:Messagepoint - Secure Sign In
2024-09-27 09:51:55 INFO  c.helpers.framework.log.LogHelper - Logging in with company:automation#prinova, user:automation
2024-09-27 09:51:55 INFO  c.helpers.framework.log.LogHelper - Entering company:automation#prinova
2024-09-27 09:51:55 INFO  c.helpers.framework.log.LogHelper - Entering username:automation
2024-09-27 09:51:55 INFO  c.helpers.framework.log.LogHelper - Entering password:Prinova
2024-09-27 09:51:55 INFO  c.helpers.framework.log.LogHelper - Clicking the login button
2024-09-27 09:51:56 INFO  c.helpers.framework.log.LogHelper - Login attempt completed for user: automation
2024-09-27 09:55:39 INFO  org.testng.internal.Utils - [TestNG] Running:
  /Users/artemdidenko/Library/Caches/JetBrains/IdeaIC2023.3/temp-testng-customsuite.xml

2024-09-27 09:55:39 INFO  i.g.bonigarcia.wdm.WebDriverManager - Using geckodriver 0.35.0 (resolved driver for Firefox 130)
2024-09-27 09:55:39 INFO  i.g.bonigarcia.wdm.WebDriverManager - Exporting webdriver.gecko.driver as /Users/artemdidenko/.cache/selenium/geckodriver/mac-arm64/0.35.0/geckodriver
2024-09-27 09:55:42 INFO  c.helpers.framework.log.LogHelper - Setting up LoginDto with company:automation#prinova, user:automation, title:Messagepoint - Secure Sign In
2024-09-27 09:55:42 INFO  c.helpers.framework.log.LogHelper - Logging in with company:automation#prinova, user:automation
2024-09-27 09:55:42 INFO  c.helpers.framework.log.LogHelper - Entering company:automation#prinova
2024-09-27 09:55:42 INFO  c.helpers.framework.log.LogHelper - Entering username:automation
2024-09-27 09:55:42 INFO  c.helpers.framework.log.LogHelper - Entering password:Prinova
2024-09-27 09:55:42 INFO  c.helpers.framework.log.LogHelper - Clicking the login button
2024-09-27 09:57:01 INFO  org.testng.internal.Utils - [TestNG] Running:
  /Users/artemdidenko/Library/Caches/JetBrains/IdeaIC2023.3/temp-testng-customsuite.xml

2024-09-27 09:57:02 INFO  i.g.bonigarcia.wdm.WebDriverManager - Using geckodriver 0.35.0 (resolved driver for Firefox 130)
2024-09-27 09:57:02 INFO  i.g.bonigarcia.wdm.WebDriverManager - Exporting webdriver.gecko.driver as /Users/artemdidenko/.cache/selenium/geckodriver/mac-arm64/0.35.0/geckodriver
2024-09-27 09:57:04 INFO  c.helpers.framework.log.LogHelper - Setting up LoginDto with company:automation#prinova, user:automation, title:Messagepoint - Secure Sign In
2024-09-27 09:57:04 INFO  c.helpers.framework.log.LogHelper - Logging in with company:automation#prinova, user:automation
2024-09-27 09:57:04 INFO  c.helpers.framework.log.LogHelper - Entering company:automation#prinova
2024-09-27 09:57:04 INFO  c.helpers.framework.log.LogHelper - Entering username:automation
2024-09-27 09:57:04 INFO  c.helpers.framework.log.LogHelper - Entering password:Prinova
2024-09-27 09:57:04 INFO  c.helpers.framework.log.LogHelper - Clicking the login button
2024-09-27 09:58:16 INFO  org.testng.internal.Utils - [TestNG] Running:
  /Users/artemdidenko/Library/Caches/JetBrains/IdeaIC2023.3/temp-testng-customsuite.xml

2024-09-27 09:58:16 INFO  i.g.bonigarcia.wdm.WebDriverManager - Using geckodriver 0.35.0 (resolved driver for Firefox 130)
2024-09-27 09:58:16 INFO  i.g.bonigarcia.wdm.WebDriverManager - Exporting webdriver.gecko.driver as /Users/artemdidenko/.cache/selenium/geckodriver/mac-arm64/0.35.0/geckodriver
2024-09-27 09:58:19 INFO  c.helpers.framework.log.LogHelper - Setting up LoginDto with company:automation#prinova, user:automation, title:Messagepoint - Secure Sign In
2024-09-27 09:58:19 INFO  c.helpers.framework.log.LogHelper - Logging in with company:automation#prinova, user:automation
2024-09-27 09:58:19 INFO  c.helpers.framework.log.LogHelper - Entering company:automation#prinova
2024-09-27 09:58:19 INFO  c.helpers.framework.log.LogHelper - Entering username:automation
2024-09-27 09:58:19 INFO  c.helpers.framework.log.LogHelper - Entering password:Prinova
2024-09-27 09:58:19 INFO  c.helpers.framework.log.LogHelper - Clicking the login button
2024-09-27 09:58:44 INFO  org.testng.internal.Utils - [TestNG] Running:
  /Users/artemdidenko/Library/Caches/JetBrains/IdeaIC2023.3/temp-testng-customsuite.xml

2024-09-27 09:58:44 INFO  i.g.bonigarcia.wdm.WebDriverManager - Using geckodriver 0.35.0 (resolved driver for Firefox 130)
2024-09-27 09:58:44 INFO  i.g.bonigarcia.wdm.WebDriverManager - Exporting webdriver.gecko.driver as /Users/artemdidenko/.cache/selenium/geckodriver/mac-arm64/0.35.0/geckodriver
2024-09-27 09:58:47 INFO  c.helpers.framework.log.LogHelper - Setting up LoginDto with company:automation#prinova, user:automation, title:Messagepoint - Secure Sign In
2024-09-27 09:58:47 INFO  c.helpers.framework.log.LogHelper - Logging in with company:automation#prinova, user:automation
2024-09-27 09:58:47 INFO  c.helpers.framework.log.LogHelper - Entering company:automation#prinova
2024-09-27 09:58:47 INFO  c.helpers.framework.log.LogHelper - Entering username:automation
2024-09-27 09:58:47 INFO  c.helpers.framework.log.LogHelper - Entering password:Prinova
2024-09-27 09:58:47 INFO  c.helpers.framework.log.LogHelper - Clicking the login button
2024-09-27 09:59:05 INFO  org.testng.internal.Utils - [TestNG] Running:
  /Users/artemdidenko/Library/Caches/JetBrains/IdeaIC2023.3/temp-testng-customsuite.xml

2024-09-27 09:59:05 INFO  i.g.bonigarcia.wdm.WebDriverManager - Using geckodriver 0.35.0 (resolved driver for Firefox 130)
2024-09-27 09:59:05 INFO  i.g.bonigarcia.wdm.WebDriverManager - Exporting webdriver.gecko.driver as /Users/artemdidenko/.cache/selenium/geckodriver/mac-arm64/0.35.0/geckodriver
2024-09-27 09:59:08 INFO  c.helpers.framework.log.LogHelper - Setting up LoginDto with company:automation#prinova, user:automation, title:Messagepoint - Secure Sign In
2024-09-27 09:59:08 INFO  c.helpers.framework.log.LogHelper - Logging in with company:automation#prinova, user:automation
2024-09-27 09:59:08 INFO  c.helpers.framework.log.LogHelper - Entering company:automation#prinova
2024-09-27 09:59:08 INFO  c.helpers.framework.log.LogHelper - Entering username:automation
2024-09-27 09:59:08 INFO  c.helpers.framework.log.LogHelper - Entering password:Prinova
2024-09-27 09:59:08 INFO  c.helpers.framework.log.LogHelper - Clicking the login button
2024-09-27 10:00:08 INFO  org.testng.internal.Utils - [TestNG] Running:
  /Users/artemdidenko/Library/Caches/JetBrains/IdeaIC2023.3/temp-testng-customsuite.xml

2024-09-27 10:00:08 INFO  i.g.bonigarcia.wdm.WebDriverManager - Using geckodriver 0.35.0 (resolved driver for Firefox 130)
2024-09-27 10:00:08 INFO  i.g.bonigarcia.wdm.WebDriverManager - Exporting webdriver.gecko.driver as /Users/artemdidenko/.cache/selenium/geckodriver/mac-arm64/0.35.0/geckodriver
2024-09-27 10:00:11 INFO  c.helpers.framework.log.LogHelper - Setting up LoginDto with company:automation#prinova, user:automation, title:Messagepoint - Secure Sign In
2024-09-27 10:00:11 INFO  c.helpers.framework.log.LogHelper - Logging in with company:automation#prinova, user:automation
2024-09-27 10:00:11 INFO  c.helpers.framework.log.LogHelper - Entering company:automation#prinova
2024-09-27 10:00:11 INFO  c.helpers.framework.log.LogHelper - Entering username:automation
2024-09-27 10:00:11 INFO  c.helpers.framework.log.LogHelper - Entering password:Prinova
2024-09-27 10:00:11 INFO  c.helpers.framework.log.LogHelper - Clicking the login button
2024-09-27 10:00:54 INFO  org.testng.internal.Utils - [TestNG] Running:
  /Users/artemdidenko/Library/Caches/JetBrains/IdeaIC2023.3/temp-testng-customsuite.xml

2024-09-27 10:00:54 INFO  i.g.bonigarcia.wdm.WebDriverManager - Using geckodriver 0.35.0 (resolved driver for Firefox 130)
2024-09-27 10:00:54 INFO  i.g.bonigarcia.wdm.WebDriverManager - Exporting webdriver.gecko.driver as /Users/artemdidenko/.cache/selenium/geckodriver/mac-arm64/0.35.0/geckodriver
2024-09-27 10:00:56 INFO  c.helpers.framework.log.LogHelper - Setting up LoginDto with company:automation#prinova, user:automation, title:Messagepoint - Secure Sign In
2024-09-27 10:00:56 INFO  c.helpers.framework.log.LogHelper - Logging in with company:automation#prinova, user:automation
2024-09-27 10:00:56 INFO  c.helpers.framework.log.LogHelper - Entering company:automation#prinova
2024-09-27 10:00:56 INFO  c.helpers.framework.log.LogHelper - Entering username:automation
2024-09-27 10:00:56 INFO  c.helpers.framework.log.LogHelper - Entering password:Prinova
2024-09-27 10:00:56 INFO  c.helpers.framework.log.LogHelper - Clicking the login button
2024-09-27 10:01:56 INFO  org.testng.internal.Utils - [TestNG] Running:
  /Users/artemdidenko/Library/Caches/JetBrains/IdeaIC2023.3/temp-testng-customsuite.xml

2024-09-27 10:01:57 INFO  i.g.bonigarcia.wdm.WebDriverManager - Using geckodriver 0.35.0 (resolved driver for Firefox 130)
2024-09-27 10:01:57 INFO  i.g.bonigarcia.wdm.WebDriverManager - Exporting webdriver.gecko.driver as /Users/artemdidenko/.cache/selenium/geckodriver/mac-arm64/0.35.0/geckodriver
2024-09-27 10:01:59 INFO  c.helpers.framework.log.LogHelper - Setting up LoginDto with company:automation#prinova, user:automation, title:Messagepoint - Secure Sign In
2024-09-27 10:01:59 INFO  c.helpers.framework.log.LogHelper - Logging in with company:automation#prinova, user:automation
2024-09-27 10:01:59 INFO  c.helpers.framework.log.LogHelper - Entering company:automation#prinova
2024-09-27 10:02:00 INFO  c.helpers.framework.log.LogHelper - Entering username:automation
2024-09-27 10:02:00 INFO  c.helpers.framework.log.LogHelper - Entering password:Prinova
2024-09-27 10:02:00 INFO  c.helpers.framework.log.LogHelper - Clicking the login button
2024-09-27 10:02:36 INFO  org.testng.internal.Utils - [TestNG] Running:
  /Users/artemdidenko/Library/Caches/JetBrains/IdeaIC2023.3/temp-testng-customsuite.xml

2024-09-27 10:02:36 INFO  i.g.bonigarcia.wdm.WebDriverManager - Using geckodriver 0.35.0 (resolved driver for Firefox 130)
2024-09-27 10:02:36 INFO  i.g.bonigarcia.wdm.WebDriverManager - Exporting webdriver.gecko.driver as /Users/artemdidenko/.cache/selenium/geckodriver/mac-arm64/0.35.0/geckodriver
2024-09-27 10:02:38 INFO  c.helpers.framework.log.LogHelper - Setting up LoginDto with company:automation#prinova, user:automation, title:Messagepoint - Secure Sign In
2024-09-27 10:02:38 INFO  c.helpers.framework.log.LogHelper - Logging in with company:automation#prinova, user:automation
2024-09-27 10:02:38 INFO  c.helpers.framework.log.LogHelper - Entering company:automation#prinova
2024-09-27 10:02:39 INFO  c.helpers.framework.log.LogHelper - Entering username:automation
2024-09-27 10:02:39 INFO  c.helpers.framework.log.LogHelper - Entering password:Prinova
2024-09-27 10:02:39 INFO  c.helpers.framework.log.LogHelper - Clicking the login button
2024-09-27 10:03:07 INFO  org.testng.internal.Utils - [TestNG] Running:
  /Users/artemdidenko/Library/Caches/JetBrains/IdeaIC2023.3/temp-testng-customsuite.xml

2024-09-27 10:03:07 INFO  i.g.bonigarcia.wdm.WebDriverManager - Using geckodriver 0.35.0 (resolved driver for Firefox 130)
2024-09-27 10:03:07 INFO  i.g.bonigarcia.wdm.WebDriverManager - Exporting webdriver.gecko.driver as /Users/artemdidenko/.cache/selenium/geckodriver/mac-arm64/0.35.0/geckodriver
2024-09-27 10:03:10 INFO  c.helpers.framework.log.LogHelper - Setting up LoginDto with company:automation#prinova, user:automation, title:Messagepoint - Secure Sign In
2024-09-27 10:03:10 INFO  c.helpers.framework.log.LogHelper - Logging in with company:automation#prinova, user:automation
2024-09-27 10:03:10 INFO  c.helpers.framework.log.LogHelper - Entering company:automation#prinova
2024-09-27 10:03:10 INFO  c.helpers.framework.log.LogHelper - Entering username:automation
2024-09-27 10:03:10 INFO  c.helpers.framework.log.LogHelper - Entering password:Prinova
2024-09-27 10:03:10 INFO  c.helpers.framework.log.LogHelper - Clicking the login button
2024-09-27 10:05:58 INFO  org.testng.internal.Utils - [TestNG] Running:
  /Users/artemdidenko/Library/Caches/JetBrains/IdeaIC2023.3/temp-testng-customsuite.xml

2024-09-27 10:05:58 INFO  i.g.bonigarcia.wdm.WebDriverManager - Using geckodriver 0.35.0 (resolved driver for Firefox 130)
2024-09-27 10:05:58 INFO  i.g.bonigarcia.wdm.WebDriverManager - Exporting webdriver.gecko.driver as /Users/artemdidenko/.cache/selenium/geckodriver/mac-arm64/0.35.0/geckodriver
2024-09-27 10:06:01 INFO  c.helpers.framework.log.LogHelper - Setting up LoginDto with company:automation#prinova, user:automation, title:Messagepoint - Secure Sign In
2024-09-27 10:06:01 INFO  c.helpers.framework.log.LogHelper - Logging in with company:automation#prinova, user:automation
2024-09-27 10:06:01 INFO  c.helpers.framework.log.LogHelper - Entering company:automation#prinova
2024-09-27 10:06:01 INFO  c.helpers.framework.log.LogHelper - Entering username:automation
2024-09-27 10:06:01 INFO  c.helpers.framework.log.LogHelper - Entering password:Prinova
2024-09-27 10:06:01 INFO  c.helpers.framework.log.LogHelper - Clicking the login button
2024-09-27 10:08:03 INFO  org.testng.internal.Utils - [TestNG] Running:
  /Users/artemdidenko/Library/Caches/JetBrains/IdeaIC2023.3/temp-testng-customsuite.xml

2024-09-27 10:08:03 INFO  i.g.bonigarcia.wdm.WebDriverManager - Using geckodriver 0.35.0 (resolved driver for Firefox 130)
2024-09-27 10:08:03 INFO  i.g.bonigarcia.wdm.WebDriverManager - Exporting webdriver.gecko.driver as /Users/artemdidenko/.cache/selenium/geckodriver/mac-arm64/0.35.0/geckodriver
2024-09-27 10:08:06 INFO  c.helpers.framework.log.LogHelper - Setting up LoginDto with company:automation#prinova, user:automation, title:Messagepoint - Secure Sign In
2024-09-27 10:08:06 INFO  c.helpers.framework.log.LogHelper - Logging in with company:automation#prinova, user:automation
2024-09-27 10:08:06 INFO  c.helpers.framework.log.LogHelper - Entering company:automation#prinova
2024-09-27 10:08:06 INFO  c.helpers.framework.log.LogHelper - Entering username:automation
2024-09-27 10:08:06 INFO  c.helpers.framework.log.LogHelper - Entering password:Prinova
2024-09-27 10:08:06 INFO  c.helpers.framework.log.LogHelper - Clicking the login button
2024-09-27 10:09:10 INFO  org.testng.internal.Utils - [TestNG] Running:
  /Users/artemdidenko/Library/Caches/JetBrains/IdeaIC2023.3/temp-testng-customsuite.xml

2024-09-27 10:09:10 INFO  i.g.bonigarcia.wdm.WebDriverManager - Using geckodriver 0.35.0 (resolved driver for Firefox 130)
2024-09-27 10:09:10 INFO  i.g.bonigarcia.wdm.WebDriverManager - Exporting webdriver.gecko.driver as /Users/artemdidenko/.cache/selenium/geckodriver/mac-arm64/0.35.0/geckodriver
2024-09-27 10:09:13 INFO  c.helpers.framework.log.LogHelper - Setting up LoginDto with company:automation#prinova, user:automation, title:Messagepoint - Secure Sign In
2024-09-27 10:09:13 INFO  c.helpers.framework.log.LogHelper - Logging in with company:automation#prinova, user:automation
2024-09-27 10:09:13 INFO  c.helpers.framework.log.LogHelper - Entering company:automation#prinova
2024-09-27 10:09:13 INFO  c.helpers.framework.log.LogHelper - Entering username:automation
2024-09-27 10:09:13 INFO  c.helpers.framework.log.LogHelper - Entering password:Prinova
2024-09-27 10:09:13 INFO  c.helpers.framework.log.LogHelper - Clicking the login button
2024-09-27 10:10:45 INFO  org.testng.internal.Utils - [TestNG] Running:
  /Users/artemdidenko/Library/Caches/JetBrains/IdeaIC2023.3/temp-testng-customsuite.xml

2024-09-27 10:10:46 INFO  i.g.bonigarcia.wdm.WebDriverManager - Using geckodriver 0.35.0 (resolved driver for Firefox 130)
2024-09-27 10:10:46 INFO  i.g.bonigarcia.wdm.WebDriverManager - Exporting webdriver.gecko.driver as /Users/artemdidenko/.cache/selenium/geckodriver/mac-arm64/0.35.0/geckodriver
2024-09-27 10:10:49 INFO  c.helpers.framework.log.LogHelper - Setting up LoginDto with company:automation#prinova, user:automation, title:Messagepoint - Secure Sign In
2024-09-27 10:10:49 INFO  c.helpers.framework.log.LogHelper - Logging in with company:automation#prinova, user:automation
2024-09-27 10:10:49 INFO  c.helpers.framework.log.LogHelper - Entering company:automation#prinova
2024-09-27 10:10:49 INFO  c.helpers.framework.log.LogHelper - Entering username:automation
2024-09-27 10:10:49 INFO  c.helpers.framework.log.LogHelper - Entering password:Prinova
2024-09-27 10:10:49 INFO  c.helpers.framework.log.LogHelper - Clicking the login button
2024-09-27 10:13:29 INFO  org.testng.internal.Utils - [TestNG] Running:
  /Users/artemdidenko/Library/Caches/JetBrains/IdeaIC2023.3/temp-testng-customsuite.xml

2024-09-27 10:13:29 INFO  i.g.bonigarcia.wdm.WebDriverManager - Using geckodriver 0.35.0 (resolved driver for Firefox 130)
2024-09-27 10:13:29 INFO  i.g.bonigarcia.wdm.WebDriverManager - Exporting webdriver.gecko.driver as /Users/artemdidenko/.cache/selenium/geckodriver/mac-arm64/0.35.0/geckodriver
2024-09-27 10:13:32 INFO  c.helpers.framework.log.LogHelper - Setting up LoginDto with company:automation#prinova, user:automation, title:Messagepoint - Secure Sign In
2024-09-27 10:13:32 INFO  c.helpers.framework.log.LogHelper - Logging in with company:automation#prinova, user:automation
2024-09-27 10:13:32 INFO  c.helpers.framework.log.LogHelper - Entering company:automation#prinova
2024-09-27 10:13:32 INFO  c.helpers.framework.log.LogHelper - Entering username:automation
2024-09-27 10:13:32 INFO  c.helpers.framework.log.LogHelper - Entering password:Prinova
2024-09-27 10:13:32 INFO  c.helpers.framework.log.LogHelper - Clicking the login button
2024-09-27 10:21:20 INFO  org.testng.internal.Utils - [TestNG] Running:
  /Users/artemdidenko/Library/Caches/JetBrains/IdeaIC2023.3/temp-testng-customsuite.xml

2024-09-27 10:21:20 INFO  i.g.bonigarcia.wdm.WebDriverManager - Using geckodriver 0.35.0 (resolved driver for Firefox 130)
2024-09-27 10:21:20 INFO  i.g.bonigarcia.wdm.WebDriverManager - Exporting webdriver.gecko.driver as /Users/artemdidenko/.cache/selenium/geckodriver/mac-arm64/0.35.0/geckodriver
2024-09-27 10:21:23 INFO  c.helpers.framework.log.LogHelper - Prepare login tdo: company is [automation#prinova], user is [automation]
2024-09-27 10:21:23 INFO  c.helpers.framework.log.LogHelper - Start to login
2024-09-27 10:21:23 INFO  c.helpers.framework.log.LogHelper - Entering company:automation#prinova
2024-09-27 10:21:23 INFO  c.helpers.framework.log.LogHelper - Entering username:automation
2024-09-27 10:21:23 INFO  c.helpers.framework.log.LogHelper - Entering password:Prinova
2024-09-27 10:21:23 INFO  c.helpers.framework.log.LogHelper - Clicking the login button
2024-09-27 10:22:00 INFO  org.testng.internal.Utils - [TestNG] Running:
  /Users/artemdidenko/Library/Caches/JetBrains/IdeaIC2023.3/temp-testng-customsuite.xml

2024-09-27 10:22:00 INFO  i.g.bonigarcia.wdm.WebDriverManager - Using geckodriver 0.35.0 (resolved driver for Firefox 130)
2024-09-27 10:22:00 INFO  i.g.bonigarcia.wdm.WebDriverManager - Exporting webdriver.gecko.driver as /Users/artemdidenko/.cache/selenium/geckodriver/mac-arm64/0.35.0/geckodriver
2024-09-27 10:22:02 INFO  c.helpers.framework.log.LogHelper - Prepare login tdo: company is [automation#prinova], user is [automation]
2024-09-27 10:22:02 INFO  c.helpers.framework.log.LogHelper - Start to login
2024-09-27 10:22:02 INFO  c.helpers.framework.log.LogHelper - Entering company:automation#prinova
2024-09-27 10:22:02 INFO  c.helpers.framework.log.LogHelper - Entering username:automation
2024-09-27 10:22:02 INFO  c.helpers.framework.log.LogHelper - Entering password:Prinova
2024-09-27 10:22:02 INFO  c.helpers.framework.log.LogHelper - Clicking the login button
2024-09-27 10:23:00 INFO  org.testng.internal.Utils - [TestNG] Running:
  /Users/artemdidenko/Library/Caches/JetBrains/IdeaIC2023.3/temp-testng-customsuite.xml

2024-09-27 10:23:00 INFO  i.g.bonigarcia.wdm.WebDriverManager - Using geckodriver 0.35.0 (resolved driver for Firefox 130)
2024-09-27 10:23:00 INFO  i.g.bonigarcia.wdm.WebDriverManager - Exporting webdriver.gecko.driver as /Users/artemdidenko/.cache/selenium/geckodriver/mac-arm64/0.35.0/geckodriver
2024-09-27 10:23:02 INFO  c.helpers.framework.log.LogHelper - Prepare login tdo: company is [automation#prinova], user is [automation]
2024-09-27 10:23:02 INFO  c.helpers.framework.log.LogHelper - Start to login
2024-09-27 10:23:02 INFO  c.helpers.framework.log.LogHelper - Entering company:automation#prinova
2024-09-27 10:23:02 INFO  c.helpers.framework.log.LogHelper - Entering username:automation
2024-09-27 10:23:02 INFO  c.helpers.framework.log.LogHelper - Entering password:Prinova
2024-09-27 10:23:02 INFO  c.helpers.framework.log.LogHelper - Clicking the login button
2024-09-27 10:24:43 INFO  org.testng.internal.Utils - [TestNG] Running:
  /Users/artemdidenko/Library/Caches/JetBrains/IdeaIC2023.3/temp-testng-customsuite.xml

2024-09-27 10:24:43 INFO  i.g.bonigarcia.wdm.WebDriverManager - Using geckodriver 0.35.0 (resolved driver for Firefox 130)
2024-09-27 10:24:43 INFO  i.g.bonigarcia.wdm.WebDriverManager - Exporting webdriver.gecko.driver as /Users/artemdidenko/.cache/selenium/geckodriver/mac-arm64/0.35.0/geckodriver
2024-09-27 10:24:46 INFO  c.helpers.framework.log.LogHelper - Prepare login tdo: company is [automation#prinova], user is [automation]
2024-09-27 10:24:46 INFO  c.helpers.framework.log.LogHelper - Start to login
2024-09-27 10:24:46 INFO  c.helpers.framework.log.LogHelper - Entering company:automation#prinova
2024-09-27 10:24:46 INFO  c.helpers.framework.log.LogHelper - Entering username:automation
2024-09-27 10:24:46 INFO  c.helpers.framework.log.LogHelper - Entering password:Prinova
2024-09-27 10:24:46 INFO  c.helpers.framework.log.LogHelper - Clicking the login button
2024-09-27 10:29:56 INFO  org.testng.internal.Utils - [TestNG] Running:
  /Users/artemdidenko/Library/Caches/JetBrains/IdeaIC2023.3/temp-testng-customsuite.xml

2024-09-27 10:29:57 INFO  i.g.bonigarcia.wdm.WebDriverManager - Using geckodriver 0.35.0 (resolved driver for Firefox 130)
2024-09-27 10:29:57 INFO  i.g.bonigarcia.wdm.WebDriverManager - Exporting webdriver.gecko.driver as /Users/artemdidenko/.cache/selenium/geckodriver/mac-arm64/0.35.0/geckodriver
2024-09-27 10:30:00 INFO  c.helpers.framework.log.LogHelper - Prepare login tdo: company is [automation#prinova], user is [automation]
2024-09-27 10:30:00 INFO  c.helpers.framework.log.LogHelper - Start to login
2024-09-27 10:30:00 INFO  c.helpers.framework.log.LogHelper - Entering company:automation#prinova
2024-09-27 10:30:00 INFO  c.helpers.framework.log.LogHelper - Entering username:automation
2024-09-27 10:30:00 INFO  c.helpers.framework.log.LogHelper - Entering password:Prinova
2024-09-27 10:30:00 INFO  c.helpers.framework.log.LogHelper - Clicking the login button
